ERC report (2026-09-07T16:58:40-0700, Encoding UTF8)

***** Sheet /
[pin_to_pin]: Pins of type Power output and Power output are connected
    ; error
    @(96.52 mm, 152.40 mm): Symbol U10 Pin 1 [GND, Power output, Line]
    @(137.16 mm, 152.40 mm): Symbol U10 Pin 49 [GND, Power output, Line]
[pin_not_connected]: Pin not connected
    ; error
    @(96.52 mm, 160.02 mm): Symbol U10 Pin 4 [IO4, Bidirectional, Line]
[pin_not_connected]: Pin not connected
    ; error
    @(96.52 mm, 162.56 mm): Symbol U10 Pin 5 [IO5, Bidirectional, Line]
[pin_not_connected]: Pin not connected
    ; error
    @(96.52 mm, 165.10 mm): Symbol U10 Pin 6 [IO6, Bidirectional, Line]
[pin_not_connected]: Pin not connected
    ; error
    @(96.52 mm, 167.64 mm): Symbol U10 Pin 7 [IO7, Bidirectional, Line]
[pin_not_connected]: Pin not connected
    ; error
    @(96.52 mm, 175.26 mm): Symbol U10 Pin 10 [IO17, Bidirectional, Line]
[pin_not_connected]: Pin not connected
    ; error
    @(96.52 mm, 177.80 mm): Symbol U10 Pin 11 [IO18, Bidirectional, Line]
[pin_to_pin]: Pins of type Power output and Power output are connected
    ; error
    @(137.16 mm, 152.40 mm): Symbol U10 Pin 49 [GND, Power output, Line]
    @(514.35 mm, 311.15 mm): Symbol U1 Pin 5 [GND, Power output, Line]
[pin_to_pin]: Pins of type Power output and Power output are connected
    ; error
    @(137.16 mm, 154.94 mm): Symbol U10 Pin 48 [GND, Power output, Line]
    @(137.16 mm, 152.40 mm): Symbol U10 Pin 49 [GND, Power output, Line]
[pin_to_pin]: Pins of type Power output and Power output are connected
    ; error
    @(137.16 mm, 157.48 mm): Symbol U10 Pin 47 [GND, Power output, Line]
    @(137.16 mm, 154.94 mm): Symbol U10 Pin 48 [GND, Power output, Line]
[pin_to_pin]: Pins of type Power output and Power output are connected
    ; error
    @(137.16 mm, 160.02 mm): Symbol U10 Pin 46 [GND, Power output, Line]
    @(137.16 mm, 157.48 mm): Symbol U10 Pin 47 [GND, Power output, Line]
[pin_not_connected]: Pin not connected
    ; error
    @(96.52 mm, 187.96 mm): Symbol U10 Pin 15 [IO3, Bidirectional, Line]
[pin_to_pin]: Pins of type Power output and Power output are connected
    ; error
    @(137.16 mm, 162.56 mm): Symbol U10 Pin 45 [GND, Power output, Line]
    @(137.16 mm, 160.02 mm): Symbol U10 Pin 46 [GND, Power output, Line]
[pin_not_connected]: Pin not connected
    ; error
    @(96.52 mm, 190.50 mm): Symbol U10 Pin 16 [IO46, Input, Line]
[pin_not_driven]: Input pin not driven by any Output pins
    ; error
    @(96.52 mm, 190.50 mm): Symbol U10 Pin 16 [IO46, Input, Line]
[pin_to_pin]: Pins of type Power output and Power output are connected
    ; error
    @(137.16 mm, 165.10 mm): Symbol U10 Pin 44 [GND, Power output, Line]
    @(137.16 mm, 162.56 mm): Symbol U10 Pin 45 [GND, Power output, Line]
[pin_to_pin]: Pins of type Power output and Power output are connected
    ; error
    @(137.16 mm, 167.64 mm): Symbol U10 Pin 43 [GND, Power output, Line]
    @(137.16 mm, 165.10 mm): Symbol U10 Pin 44 [GND, Power output, Line]
[pin_to_pin]: Pins of type Power output and Power output are connected
    ; error
    @(137.16 mm, 170.18 mm): Symbol U10 Pin 42 [GND, Power output, Line]
    @(137.16 mm, 167.64 mm): Symbol U10 Pin 43 [GND, Power output, Line]
[pin_to_pin]: Pins of type Power output and Power output are connected
    ; error
    @(137.16 mm, 172.72 mm): Symbol U10 Pin 41 [GND, Power output, Line]
    @(137.16 mm, 170.18 mm): Symbol U10 Pin 42 [GND, Power output, Line]
[pin_to_pin]: Pins of type Power output and Power output are connected
    ; error
    @(137.16 mm, 175.26 mm): Symbol U10 Pin 40 [GND, Power output, Line]
    @(137.16 mm, 172.72 mm): Symbol U10 Pin 41 [GND, Power output, Line]
[pin_not_connected]: Pin not connected
    ; error
    @(96.52 mm, 203.20 mm): Symbol U10 Pin 21 [IO13, Bidirectional, Line]
[pin_not_connected]: Pin not connected
    ; error
    @(137.16 mm, 198.12 mm): Symbol U10 Pin 31 [IO38, Bidirectional, Line]
[pin_not_connected]: Pin not connected
    ; error
    @(137.16 mm, 210.82 mm): Symbol U10 Pin 26 [IO45, Bidirectional, Line]
[pin_not_connected]: Pin not connected
    ; error
    @(137.16 mm, 213.36 mm): Symbol U10 Pin 25 [IO34, Bidirectional, Line]
[power_pin_not_driven]: Input Power pin not driven by any Output Power pins
    ; error
    @(298.45 mm, 81.28 mm): Symbol #PWR026 Pin 1 [Power input, Line]
[power_pin_not_driven]: Input Power pin not driven by any Output Power pins
    ; error
    @(287.02 mm, 148.59 mm): Symbol U2 Pin 32 [VBAT_BB, Power input, Line]
[power_pin_not_driven]: Input Power pin not driven by any Output Power pins
    ; error
    @(421.64 mm, 87.63 mm): Symbol #PWR07 Pin 1 [Power input, Line]
[pin_to_pin]: Pins of type Output and Output are connected
    ; error
    @(408.94 mm, 168.91 mm): Symbol U8 Pin 1 [OUT, Output, Line]
    @(408.94 mm, 171.45 mm): Symbol U8 Pin 20 [OUT__1, Output, Line]
[power_pin_not_driven]: Input Power pin not driven by any Output Power pins
    ; error
    @(436.88 mm, 87.63 mm): Symbol #PWR06 Pin 1 [Power input, Line]
[pin_not_connected]: Pin not connected
    ; error
    @(515.62 mm, 128.27 mm): Symbol #PWR042 Pin 1 [Power input, Line]
[power_pin_not_driven]: Input Power pin not driven by any Output Power pins
    ; error
    @(397.51 mm, 360.68 mm): Symbol J7 Pin C1 [VCC, Power input, Line]
[power_pin_not_driven]: Input Power pin not driven by any Output Power pins
    ; error
    @(496.57 mm, 313.69 mm): Symbol U1 Pin 3 [VDD, Power input, Line]
[multiple_net_names]: Both +3.3V and 3V3 are attached to the same items; +3.3V will be used in the netlist
    ; warning
    @(463.55 mm, 212.09 mm): Symbol #PWR057 Pin 1 [Power input, Line]
    @(82.55 mm, 116.84 mm): Label '3V3'
[pin_to_pin]: Pins of type Bidirectional and Power output are connected
    ; warning
    @(373.38 mm, 186.69 mm): Symbol U8 Pin 21 [EP, Bidirectional, Line]
    @(514.35 mm, 311.15 mm): Symbol U1 Pin 5 [GND, Power output, Line]
[pin_to_pin]: Pins of type Bidirectional and Power output are connected
    ; warning
    @(424.18 mm, 34.29 mm): Symbol U6 Pin 5 [FB, Bidirectional, Line]
    @(514.35 mm, 311.15 mm): Symbol U1 Pin 5 [GND, Power output, Line]

 ** ERC messages: 35  Errors 32  Warnings 3
