ERC report (2026-06-06T11:11:57-0700, Encoding UTF8)

***** Sheet /
[pin_to_pin]: Pins of type Power output and Power output are connected
    ; error
    @(96.52 mm, 152.40 mm): Symbol U10 Pin 1 [GND, Power output, Line]
    @(137.16 mm, 152.40 mm): Symbol U10 Pin 49 [GND, Power output, Line]
[pin_not_connected]: Pin not connected
    ; error
    @(96.52 mm, 160.02 mm): Symbol U10 Pin 4 [IO4, Bidirectional, Line]
[pin_not_connected]: Pin not connected
    ; error
    @(96.52 mm, 162.56 mm): Symbol U10 Pin 5 [IO5, Bidirectional, Line]
[pin_not_connected]: Pin not connected
    ; error
    @(96.52 mm, 165.10 mm): Symbol U10 Pin 6 [IO6, Bidirectional, Line]
[pin_not_connected]: Pin not connected
    ; error
    @(96.52 mm, 167.64 mm): Symbol U10 Pin 7 [IO7, Bidirectional, Line]
[pin_not_connected]: Pin not connected
    ; error
    @(96.52 mm, 175.26 mm): Symbol U10 Pin 10 [IO17, Bidirectional, Line]
[pin_to_pin]: Pins of type Power output and Power output are connected
    ; error
    @(137.16 mm, 152.40 mm): Symbol U10 Pin 49 [GND, Power output, Line]
    @(474.98 mm, 118.11 mm): Symbol U7 Pin 2 [GND, Power output, Line]
[pin_to_pin]: Pins of type Power output and Power output are connected
    ; error
    @(137.16 mm, 154.94 mm): Symbol U10 Pin 48 [GND, Power output, Line]
    @(137.16 mm, 152.40 mm): Symbol U10 Pin 49 [GND, Power output, Line]
[pin_to_pin]: Pins of type Power output and Power output are connected
    ; error
    @(137.16 mm, 157.48 mm): Symbol U10 Pin 47 [GND, Power output, Line]
    @(137.16 mm, 154.94 mm): Symbol U10 Pin 48 [GND, Power output, Line]
[pin_to_pin]: Pins of type Power output and Power output are connected
    ; error
    @(137.16 mm, 160.02 mm): Symbol U10 Pin 46 [GND, Power output, Line]
    @(137.16 mm, 157.48 mm): Symbol U10 Pin 47 [GND, Power output, Line]
[pin_not_connected]: Pin not connected
    ; error
    @(96.52 mm, 187.96 mm): Symbol U10 Pin 15 [IO3, Bidirectional, Line]
[pin_to_pin]: Pins of type Power output and Power output are connected
    ; error
    @(137.16 mm, 162.56 mm): Symbol U10 Pin 45 [GND, Power output, Line]
    @(137.16 mm, 160.02 mm): Symbol U10 Pin 46 [GND, Power output, Line]
[pin_not_connected]: Pin not connected
    ; error
    @(96.52 mm, 190.50 mm): Symbol U10 Pin 16 [IO46, Input, Line]
[pin_not_driven]: Input pin not driven by any Output pins
    ; error
    @(96.52 mm, 190.50 mm): Symbol U10 Pin 16 [IO46, Input, Line]
[pin_to_pin]: Pins of type Power output and Power output are connected
    ; error
    @(137.16 mm, 165.10 mm): Symbol U10 Pin 44 [GND, Power output, Line]
    @(137.16 mm, 162.56 mm): Symbol U10 Pin 45 [GND, Power output, Line]
[pin_to_pin]: Pins of type Power output and Power output are connected
    ; error
    @(137.16 mm, 167.64 mm): Symbol U10 Pin 43 [GND, Power output, Line]
    @(137.16 mm, 165.10 mm): Symbol U10 Pin 44 [GND, Power output, Line]
[pin_to_pin]: Pins of type Power output and Power output are connected
    ; error
    @(137.16 mm, 170.18 mm): Symbol U10 Pin 42 [GND, Power output, Line]
    @(137.16 mm, 167.64 mm): Symbol U10 Pin 43 [GND, Power output, Line]
[pin_to_pin]: Pins of type Power output and Power output are connected
    ; error
    @(137.16 mm, 172.72 mm): Symbol U10 Pin 41 [GND, Power output, Line]
    @(137.16 mm, 170.18 mm): Symbol U10 Pin 42 [GND, Power output, Line]
[pin_to_pin]: Pins of type Power output and Power output are connected
    ; error
    @(137.16 mm, 175.26 mm): Symbol U10 Pin 40 [GND, Power output, Line]
    @(137.16 mm, 172.72 mm): Symbol U10 Pin 41 [GND, Power output, Line]
[pin_not_connected]: Pin not connected
    ; error
    @(137.16 mm, 198.12 mm): Symbol U10 Pin 31 [IO38, Bidirectional, Line]
[pin_not_connected]: Pin not connected
    ; error
    @(137.16 mm, 200.66 mm): Symbol U10 Pin 30 [IO37, Bidirectional, Line]
[pin_not_connected]: Pin not connected
    ; error
    @(137.16 mm, 203.20 mm): Symbol U10 Pin 29 [IO36, Bidirectional, Line]
[pin_not_connected]: Pin not connected
    ; error
    @(137.16 mm, 205.74 mm): Symbol U10 Pin 28 [IO35, Bidirectional, Line]
[pin_not_connected]: Pin not connected
    ; error
    @(137.16 mm, 210.82 mm): Symbol U10 Pin 26 [IO45, Bidirectional, Line]
[pin_not_connected]: Pin not connected
    ; error
    @(137.16 mm, 213.36 mm): Symbol U10 Pin 25 [IO34, Bidirectional, Line]
[power_pin_not_driven]: Input Power pin not driven by any Output Power pins
    ; error
    @(298.45 mm, 81.28 mm): Symbol #PWR026 Pin 1 [Power input, Line]
[power_pin_not_driven]: Input Power pin not driven by any Output Power pins
    ; error
    @(287.02 mm, 148.59 mm): Symbol U2 Pin 32 [VBAT_BB, Power input, Line]
[power_pin_not_driven]: Input Power pin not driven by any Output Power pins
    ; error
    @(421.64 mm, 87.63 mm): Symbol #PWR07 Pin 1 [Power input, Line]
[pin_to_pin]: Pins of type Output and Output are connected
    ; error
    @(408.94 mm, 168.91 mm): Symbol U8 Pin 1 [OUT, Output, Line]
    @(408.94 mm, 171.45 mm): Symbol U8 Pin 20 [OUT__1, Output, Line]
[power_pin_not_driven]: Input Power pin not driven by any Output Power pins
    ; error
    @(436.88 mm, 87.63 mm): Symbol #PWR06 Pin 1 [Power input, Line]
[pin_to_pin]: Pins of type Power output and Power output are connected
    ; error
    @(474.98 mm, 118.11 mm): Symbol U7 Pin 2 [GND, Power output, Line]
    @(515.62 mm, 115.57 mm): Symbol U7 Pin 5 [GND, Power output, Line]
[pin_to_pin]: Pins of type Power output and Power output are connected
    ; error
    @(515.62 mm, 115.57 mm): Symbol U7 Pin 5 [GND, Power output, Line]
    @(514.35 mm, 311.15 mm): Symbol U1 Pin 5 [GND, Power output, Line]
[power_pin_not_driven]: Input Power pin not driven by any Output Power pins
    ; error
    @(397.51 mm, 360.68 mm): Symbol J7 Pin C1 [VCC, Power input, Line]
[power_pin_not_driven]: Input Power pin not driven by any Output Power pins
    ; error
    @(496.57 mm, 313.69 mm): Symbol U1 Pin 3 [VDD, Power input, Line]
[multiple_net_names]: Both +3.3V and 3V3 are attached to the same items; +3.3V will be used in the netlist
    ; warning
    @(389.89 mm, 36.83 mm): Symbol #PWR037 Pin 1 [Power input, Line]
    @(90.17 mm, 154.94 mm): Label '3V3'
[pin_to_pin]: Pins of type Bidirectional and Power output are connected
    ; warning
    @(373.38 mm, 186.69 mm): Symbol U8 Pin 21 [EP, Bidirectional, Line]
    @(474.98 mm, 118.11 mm): Symbol U7 Pin 2 [GND, Power output, Line]
[pin_to_pin]: Pins of type Bidirectional and Power output are connected
    ; warning
    @(424.18 mm, 34.29 mm): Symbol U6 Pin 5 [FB, Bidirectional, Line]
    @(474.98 mm, 118.11 mm): Symbol U7 Pin 2 [GND, Power output, Line]
[pin_to_pin]: Pins of type Unspecified and Bidirectional are connected
    ; warning
    @(355.60 mm, 308.61 mm): Symbol CR1 Pin 1 [1, Unspecified, Line]
    @(433.07 mm, 368.30 mm): Symbol J7 Pin C7 [I/O, Bidirectional, Line]
[pin_to_pin]: Pins of type Unspecified and Power input are connected
    ; warning
    @(355.60 mm, 334.01 mm): Symbol CR1 Pin 2 [2, Unspecified, Line]
    @(355.60 mm, 334.01 mm): Symbol #PWR03 Pin 1 [Power input, Line]
[pin_to_pin]: Pins of type Unspecified and Input are connected
    ; warning
    @(387.35 mm, 308.61 mm): Symbol CR2 Pin 1 [1, Unspecified, Line]
    @(397.51 mm, 368.30 mm): Symbol J7 Pin C3 [CLK, Input, Clock]
[pin_to_pin]: Pins of type Unspecified and Power input are connected
    ; warning
    @(387.35 mm, 334.01 mm): Symbol CR2 Pin 2 [2, Unspecified, Line]
    @(355.60 mm, 334.01 mm): Symbol #PWR03 Pin 1 [Power input, Line]
[pin_to_pin]: Pins of type Unspecified and Input are connected
    ; warning
    @(419.10 mm, 308.61 mm): Symbol CR3 Pin 1 [1, Unspecified, Line]
    @(397.51 mm, 365.76 mm): Symbol J7 Pin C2 [RST, Input, Line]
[pin_to_pin]: Pins of type Unspecified and Passive are connected
    ; warning
    @(419.10 mm, 334.01 mm): Symbol CR3 Pin 2 [2, Unspecified, Line]
    @(433.07 mm, 373.38 mm): Symbol J7 Pin GND8 [SH, Passive, Line]

 ** ERC messages: 43  Errors 34  Warnings 9
